#-----------------------------------------------------------
# Vivado v2022.1 (64-bit)
# SW Build 3526262 on Mon Apr 18 15:48:16 MDT 2022
# IP Build 3524634 on Mon Apr 18 20:55:01 MDT 2022
# Start of session at: Sat Feb  3 22:01:08 2024
# Process ID: 7876
# Current directory: C:/Users/yannv/Documents/Projets_HW/PacMan/PacMan_v2_AIO/Pacman_Artyx7/Pacman_Artyx7.runs/pacman_ram_v2_synth_1
# Command line: vivado.exe -log pacman_ram_v2.vds -product Vivado -mode batch -messageDb vivado.pb -notrace -source pacman_ram_v2.tcl
# Log file: C:/Users/yannv/Documents/Projets_HW/PacMan/PacMan_v2_AIO/Pacman_Artyx7/Pacman_Artyx7.runs/pacman_ram_v2_synth_1/pacman_ram_v2.vds
# Journal file: C:/Users/yannv/Documents/Projets_HW/PacMan/PacMan_v2_AIO/Pacman_Artyx7/Pacman_Artyx7.runs/pacman_ram_v2_synth_1\vivado.jou
# Running On: DESKTOP-SK95JA6, OS: Windows, CPU Frequency: 3693 MHz, CPU Physical cores: 12, Host memory: 17123 MB
#-----------------------------------------------------------
source pacman_ram_v2.tcl -notrace
