#-----------------------------------------------------------
# Vivado v2022.1 (64-bit)
# SW Build 3526262 on Mon Apr 18 15:48:16 MDT 2022
# IP Build 3524634 on Mon Apr 18 20:55:01 MDT 2022
# Start of session at: Thu Dec 28 20:58:49 2023
# Process ID: 15220
# Current directory: C:/Users/yannv/Documents/Projets_HW/PacMan_v2_AIO/Pacman_Artyx7/Pacman_Artyx7.runs/blk_mem_gen_video_ram_synth_1
# Command line: vivado.exe -log blk_mem_gen_video_ram.vds -product Vivado -mode batch -messageDb vivado.pb -notrace -source blk_mem_gen_video_ram.tcl
# Log file: C:/Users/yannv/Documents/Projets_HW/PacMan_v2_AIO/Pacman_Artyx7/Pacman_Artyx7.runs/blk_mem_gen_video_ram_synth_1/blk_mem_gen_video_ram.vds
# Journal file: C:/Users/yannv/Documents/Projets_HW/PacMan_v2_AIO/Pacman_Artyx7/Pacman_Artyx7.runs/blk_mem_gen_video_ram_synth_1\vivado.jou
# Running On: DESKTOP-SK95JA6, OS: Windows, CPU Frequency: 3693 MHz, CPU Physical cores: 12, Host memory: 17123 MB
#-----------------------------------------------------------
source blk_mem_gen_video_ram.tcl -notrace
